#-----------------------------------------------------------
# Vivado v2019.1 (64-bit)
# SW Build 2552052 on Fri May 24 14:49:42 MDT 2019
# IP Build 2548770 on Fri May 24 18:01:18 MDT 2019
# Start of session at: Tue Jun 13 22:31:03 2023
# Process ID: 33928
# Current directory: D:/github_repo/Shaking_Patting/vivado_project
# Command line: vivado.exe -gui_launcher_event rodinguilauncherevent34312 D:\github_repo\Shaking_Patting\vivado_project\Shaking_Patting.xpr
# Log file: D:/github_repo/Shaking_Patting/vivado_project/vivado.log
# Journal file: D:/github_repo/Shaking_Patting/vivado_project\vivado.jou
#-----------------------------------------------------------
start_gui
open_project D:/github_repo/Shaking_Patting/vivado_project/Shaking_Patting.xpr
update_compile_order -fileset sources_1
export_ip_user_files -of_objects  [get_files D:/github_repo/Shaking_Patting/source_code/SimTop_no_patting.v] -no_script -reset -force -quiet
remove_files  D:/github_repo/Shaking_Patting/source_code/SimTop_no_patting.v
update_compile_order -fileset sources_1
add_files -norecurse D:/github_repo/Shaking_Patting/source_code/SimTop.v
update_compile_order -fileset sources_1
launch_simulation
source testbench.tcl
run all
close_sim
