#-----------------------------------------------------------
# Vivado v2019.1 (64-bit)
# SW Build 2552052 on Fri May 24 14:49:42 MDT 2019
# IP Build 2548770 on Fri May 24 18:01:18 MDT 2019
# Start of session at: Mon Jul  3 11:20:13 2023
# Process ID: 1100
# Current directory: C:/Users/14817/Desktop/WorkStation_Entry/DatenLord/cy_mit_6.175/Shaking_Patting/vivado_project
# Command line: vivado.exe -gui_launcher_event rodinguilauncherevent31848 C:\Users\14817\Desktop\WorkStation_Entry\DatenLord\cy_mit_6.175\Shaking_Patting\vivado_project\Shaking_Patting.xpr
# Log file: C:/Users/14817/Desktop/WorkStation_Entry/DatenLord/cy_mit_6.175/Shaking_Patting/vivado_project/vivado.log
# Journal file: C:/Users/14817/Desktop/WorkStation_Entry/DatenLord/cy_mit_6.175/Shaking_Patting/vivado_project\vivado.jou
#-----------------------------------------------------------
start_gui
open_project C:/Users/14817/Desktop/WorkStation_Entry/DatenLord/cy_mit_6.175/Shaking_Patting/vivado_project/Shaking_Patting.xpr

update_compile_order -fileset sources_1
file mkdir C:/Users/14817/Desktop/WorkStation_Entry/DatenLord/cy_mit_6.175/Shaking_Patting/vivado_project/Shaking_Patting.srcs/sim_1/new
set_property SOURCE_SET sources_1 [get_filesets sim_1]
close [ open C:/Users/14817/Desktop/WorkStation_Entry/DatenLord/cy_mit_6.175/Shaking_Patting/vivado_project/Shaking_Patting.srcs/sim_1/new/testbench2.v w ]
add_files -fileset sim_1 C:/Users/14817/Desktop/WorkStation_Entry/DatenLord/cy_mit_6.175/Shaking_Patting/vivado_project/Shaking_Patting.srcs/sim_1/new/testbench2.v
update_compile_order -fileset sim_1
update_compile_order -fileset sim_1
close [ open C:/Users/14817/Desktop/WorkStation_Entry/DatenLord/cy_mit_6.175/Shaking_Patting/vivado_project/Shaking_Patting.srcs/sources_1/new/myfifo.v w ]
add_files C:/Users/14817/Desktop/WorkStation_Entry/DatenLord/cy_mit_6.175/Shaking_Patting/vivado_project/Shaking_Patting.srcs/sources_1/new/myfifo.v
update_compile_order -fileset sources_1
update_compile_order -fileset sim_1
set_property SOURCE_SET sources_1 [get_filesets sim_1]
close [ open C:/Users/14817/Desktop/WorkStation_Entry/DatenLord/cy_mit_6.175/Shaking_Patting/vivado_project/Shaking_Patting.srcs/sim_1/new/tb_myfifo.v w ]
add_files -fileset sim_1 C:/Users/14817/Desktop/WorkStation_Entry/DatenLord/cy_mit_6.175/Shaking_Patting/vivado_project/Shaking_Patting.srcs/sim_1/new/tb_myfifo.v
update_compile_order -fileset sim_1
set_property top tb_myfifo [get_filesets sim_1]
set_property top_lib xil_defaultlib [get_filesets sim_1]
update_compile_order -fileset sim_1
launch_simulation
launch_simulation
source tb_myfifo.tcl
run all
close_sim
launch_simulation
source tb_myfifo.tcl
run all
restart
run all
close_sim
launch_simulation
source tb_myfifo.tcl
run all
restart
run all
close_sim
launch_simulation
source tb_myfifo.tcl
run all
restart
run all
restart
current_wave_config {Untitled 4}
add_wave {{/tb_myfifo/myfifo_inst}} 
run all
close_sim
launch_simulation
source tb_myfifo.tcl
close_sim
launch_simulation
source tb_myfifo.tcl
close_sim
launch_simulation
source tb_myfifo.tcl
close_sim
launch_simulation
source tb_myfifo.tcl
close_sim
launch_simulation
source tb_myfifo.tcl
run all
close_sim
launch_simulation
source tb_myfifo.tcl
run all
close_sim
launch_simulation
source tb_myfifo.tcl
run all
close_sim
launch_simulation
source tb_myfifo.tcl
run all
close_sim
launch_simulation
source tb_myfifo.tcl
run all
set_property top testbench2 [get_filesets sim_1]
set_property top_lib xil_defaultlib [get_filesets sim_1]
update_compile_order -fileset sim_1
close_sim
launch_simulation
source testbench2.tcl
close_sim
launch_simulation
source testbench2.tcl
run all
close_sim
launch_simulation
source testbench2.tcl
close_sim
