#-----------------------------------------------------------
# Vivado v2019.1 (64-bit)
# SW Build 2552052 on Fri May 24 14:49:42 MDT 2019
# IP Build 2548770 on Fri May 24 18:01:18 MDT 2019
# Start of session at: Fri Jun 16 00:34:51 2023
# Process ID: 27472
# Current directory: D:/github_repo/Shaking_Patting/vivado_project
# Command line: vivado.exe -gui_launcher_event rodinguilauncherevent30060 D:\github_repo\Shaking_Patting\vivado_project\Shaking_Patting.xpr
# Log file: D:/github_repo/Shaking_Patting/vivado_project/vivado.log
# Journal file: D:/github_repo/Shaking_Patting/vivado_project\vivado.jou
#-----------------------------------------------------------
start_gui
open_project D:/github_repo/Shaking_Patting/vivado_project/Shaking_Patting.xpr
update_compile_order -fileset sources_1
launch_simulation
source testbench.tcl
run all
close_sim
launch_simulation
source testbench.tcl
run all
update_compile_order -fileset sources_1
close_sim
launch_simulation
launch_simulation
launch_simulation
source testbench.tcl
run all
run all
update_compile_order -fileset sources_1
close_sim
launch_simulation
source testbench.tcl
run all
close_sim
launch_simulation
source testbench.tcl
run all
